<html>
<body>
<pre>
<h1>µVision Build Log</h1>
<h2>Tool Versions:</h2>
IDE-Version: µVision V5.29.0.0
Copyright (C) 2019 ARM Ltd and ARM Germany GmbH. All rights reserved.
License Information: Farkhat Yakubov, none, LIC=KIVPC-7BI6B-GQ40H-W0EIG-X7RG0-AIRNG
 
Tool Versions:
Toolchain:       MDK-ARM Professional  Version: 5.29.0.0
Toolchain Path:  D:\yakubov\keil_v5\ARM\ARMCC\Bin
C Compiler:      Armcc.exe V5.06 update 6 (build 750)
Assembler:       Armasm.exe V5.06 update 6 (build 750)
Linker/Locator:  ArmLink.exe V5.06 update 6 (build 750)
Library Manager: ArmAr.exe V5.06 update 6 (build 750)
Hex Converter:   FromElf.exe V5.06 update 6 (build 750)
CPU DLL:         SARMCM3.DLL V5.29.0.0
Dialog DLL:      DARMCM1.DLL V1.19.2.0
Target DLL:      STLink\ST-LINKIII-KEIL_SWO.dll V3.0.7.0
Dialog DLL:      TARMCM1.DLL V1.14.1.0
 
<h2>Project:</h2>
C:\Users\gromyshev\Desktop\workspace\study\grd-wrk\CubeMX\grdwork\MDK-ARM\grdwork.uvprojx
Project File Date:  05/05/2020

<h2>Output:</h2>
*** Using Compiler 'V5.06 update 6 (build 750)', folder: 'D:\yakubov\keil_v5\ARM\ARMCC\Bin'
Build target 'grdwork'
compiling main.c...
linking...
Program Size: Code=5912 RO-data=260 RW-data=8 ZI-data=1216  
FromELF: creating hex file...
"grdwork\grdwork.axf" - 0 Error(s), 0 Warning(s).

<h2>Software Packages used:</h2>

Package Vendor: ARM
                http://www.keil.com/pack/ARM.CMSIS.5.6.0.pack
                ARM.CMSIS.5.6.0
                CMSIS (Cortex Microcontroller Software Interface Standard)
   * Component: CORE Version: 5.3.0

Package Vendor: Keil
                http://www.keil.com/pack/Keil.STM32L0xx_DFP.2.0.1.pack
                Keil.STM32L0xx_DFP.2.0.1
                STMicroelectronics STM32L0 Series Device Support, Drivers and Examples

<h2>Collection of Component include folders:</h2>
  .\RTE\_grdwork
  D:\yakubov\keil_v5\ARM\PACK\ARM\CMSIS\5.6.0\CMSIS\Core\Include
  D:\yakubov\keil_v5\ARM\PACK\Keil\STM32L0xx_DFP\2.0.1\Drivers\CMSIS\Device\ST\STM32L0xx\Include

<h2>Collection of Component Files used:</h2>

   * Component: ARM::CMSIS:CORE:5.3.0
Build Time Elapsed:  00:00:03
</pre>
</body>
</html>
